// Jest Snapshot v1, https://goo.gl/fbAQLP

exports[`Carrinho Testando interface com snapshots 1`] = `
<div
  className="Carrinho"
/>
`;

exports[`Carrinho Testando interface com snapshots 2`] = `
<div
  className="Carrinho"
>
  <div
    className="ItemCarrinho"
  >
    <p
      className="PItem"
    >
      caio
    </p>
    <button
      className="ExcluirItem"
      onClick={[Function]}
    />
    <hr />
  </div>
  <div
    className="ItemCarrinho"
  >
    <p
      className="PItem"
    >
      neymar
    </p>
    <button
      className="ExcluirItem"
      onClick={[Function]}
    />
    <hr />
  </div>
  <div
    className="ItemCarrinho"
  >
    <p
      className="PItem"
    >
      z√©
    </p>
    <button
      className="ExcluirItem"
      onClick={[Function]}
    />
    <hr />
  </div>
</div>
`;
